// Jest Snapshot v1, https://goo.gl/fbAQLP

exports[`Header component, it renders without crashing 1`] = `
<div>
  <Styled(NavLink)
    exact={true}
    to="/"
  >
    <h3>
      Tree
    </h3>
  </Styled(NavLink)>
  <Styled(NavLink)
    to="/editor"
  >
    <h3>
      Editor
    </h3>
  </Styled(NavLink)>
</div>
`;
