// Jest Snapshot v1, https://goo.gl/fbAQLP

exports[`StyledNavLink, snapshot 1`] = `
.bCihhC {
  -webkit-text-decoration: none;
  text-decoration: none;
}

.bCihhC > h2 {
  display: inline-block;
  margin: 10px;
  border-bottom: solid transparent 1px;
  color: rgb(222, 81, 11);
}

<NavLink
  activeClassName="nav-item-active"
  className="sc-bdVaJa bCihhC"
  to="/testPath"
/>
`;
