// Jest Snapshot v1, https://goo.gl/fbAQLP

exports[`Article, styled component snapshot 1`] = `
.egQGxY {
  display: -webkit-box;
  display: -webkit-flex;
  display: -ms-flexbox;
  display: flex;
  -webkit-box-pack: start;
  -webkit-justify-content: flex-start;
  -ms-flex-pack: start;
  justify-content: flex-start;
  margin: 20px 50px;
  -webkit-flex-basis: 80%;
  -ms-flex-basis: 80%;
  flex-basis: 80%;
}

<article
  className="sc-bdVaJa egQGxY"
/>
`;
