// Jest Snapshot v1, https://goo.gl/fbAQLP

exports[`App component snapshot 1`] = `
<ul
  className="ihkFxl"
>
  <li
    className="bfXghp"
  >
    <h3>
      Heroshige
    </h3>
  </li>
  <li
    className="bfXghp"
  >
    <h3>
      Hokusai
    </h3>
  </li>
  <li
    className="bfXghp"
  >
    <h3>
      Utamaro
    </h3>
  </li>
  <li
    className="bfXghp"
  >
    <h3>
      Kunisada
    </h3>
  </li>
</ul>
`;
