// Jest Snapshot v1, https://goo.gl/fbAQLP

exports[`Gallery component snapshot 1`] = `
<styled.div>
  <GalleryItem
    artistPath="heroshige"
    painting={
      Object {
        "name": "cotton_goods_shops_at_odemmacho.jpg",
        "title": "Cotton goods shops at odemmacho",
      }
    }
  />
  <GalleryItem
    artistPath="heroshige"
    painting={
      Object {
        "name": "sudden_shower_over_shin-ohashi_bridge_and_atake.jpg",
        "title": "Sudden Shower over Shin-Ōhashi bridge and Atake",
      }
    }
  />
  <GalleryItem
    artistPath="heroshige"
    painting={
      Object {
        "name": "fishing_boats_on_a_lake.jpg",
        "title": "Fishing boats on a lake",
      }
    }
  />
  <GalleryItem
    artistPath="heroshige"
    painting={
      Object {
        "name": "full_moon_over_a_mountain_landscape.jpg",
        "title": "Full moon over a mountain landscape",
      }
    }
  />
  <GalleryItem
    artistPath="heroshige"
    painting={
      Object {
        "name": "sokokura.jpg",
        "title": "Sokokura",
      }
    }
  />
  <GalleryItem
    artistPath="heroshige"
    painting={
      Object {
        "name": "view_of_a_long_bridge_across_a_lake.jpg",
        "title": "View of a long bridge across a lake",
      }
    }
  />
  <GalleryItem
    artistPath="heroshige"
    painting={
      Object {
        "name": "lake_hamana_totomi.jpg",
        "title": "Lake Hamana Totomi",
      }
    }
  />
  <GalleryItem
    artistPath="heroshige"
    painting={
      Object {
        "name": "ageo.jpg",
        "title": "Ageo",
      }
    }
  />
</styled.div>
`;
