// Jest Snapshot v1, https://goo.gl/fbAQLP

exports[`ArtistsNav ARTISTS_QUERY has a known query shape 1`] = `
"query ArtistsQuery {
  artists {
    name
    path
  }
}
"
`;

exports[`ArtistsNav component with data snapshot 1`] = `
<styled.div>
  <styled.ul>
    <ArtistNavItem
      name="Heroshige"
      path="heroshige"
    />
    <ArtistNavItem
      name="Hokusai"
      path="hokusai"
    />
    <ArtistNavItem
      name="Utamaro"
      path="utamaro"
    />
    <ArtistNavItem
      name="Kunisada"
      path="kunisada"
    />
  </styled.ul>
</styled.div>
`;

exports[`ArtistsNav component without data snapshot 1`] = `
<div>
  loading...
</div>
`;

exports[`ArtistsNav, enhanced component renders without crashing 1`] = `
<div>
  loading...
</div>
`;
