// Jest Snapshot v1, https://goo.gl/fbAQLP

exports[`ArtistsNav component snapshot 1`] = `
<styled.ul>
  <ListItem
    name="Heroshige"
    onSelect={[Function]}
    selected={true}
  />
  <ListItem
    name="Hokusai"
    onSelect={[Function]}
    selected={false}
  />
  <ListItem
    name="Utamaro"
    onSelect={[Function]}
    selected={false}
  />
  <ListItem
    name="Kunisada"
    onSelect={[Function]}
    selected={false}
  />
</styled.ul>
`;
