// Jest Snapshot v1, https://goo.gl/fbAQLP

exports[`EditorPage, renders the component 1`] = `
<styled.div>
  <PersonList
    onSelectPerson={[Function]}
    persons={Array []}
    selectedPerson={Object {}}
  />
  <styled.div>
    <EditorControls
      editMode="disabled"
      onCreatePerson={[Function]}
      onRemovePerson={[Function]}
      removePersonMutation={[Function]}
      selectedPerson={Object {}}
    />
    <ReduxForm
      disabled={true}
      initialValues={Object {}}
      onSubmit={[Function]}
      persons={Array []}
      relations={Array []}
    />
  </styled.div>
</styled.div>
`;
