// Jest Snapshot v1, https://goo.gl/fbAQLP

exports[`relation, resolvers relations 1`] = `
Array [
  Object {
    "id": 1,
    "person1": Object {
      "birthDate": 1028,
      "bornToId": null,
      "deathDate": 1087,
      "gender": "M",
      "id": 1,
      "isMonarch": 1,
      "name": "William I",
      "title": "King of England",
    },
    "person2": Object {
      "birthDate": 1031,
      "bornToId": null,
      "deathDate": 1083,
      "gender": "F",
      "id": 2,
      "isMonarch": 0,
      "name": "Matilde of Flanders",
      "title": "Queen of England",
    },
  },
  Object {
    "id": 2,
    "person1": Object {
      "birthDate": 1068,
      "bornToId": 1,
      "deathDate": 1135,
      "gender": "M",
      "id": 4,
      "isMonarch": 1,
      "name": "Henry I",
      "title": "King of England",
    },
    "person2": Object {
      "birthDate": 1080,
      "bornToId": null,
      "deathDate": 1118,
      "gender": "F",
      "id": 5,
      "isMonarch": 0,
      "name": "Matilde of Scotland",
      "title": "Queen of England",
    },
  },
  Object {
    "id": 3,
    "person1": Object {
      "birthDate": 1102,
      "bornToId": 2,
      "deathDate": 1167,
      "gender": "F",
      "id": 7,
      "isMonarch": 0,
      "name": "Empress Matilde",
      "title": "Holy Roman Empress",
    },
    "person2": Object {
      "birthDate": 1113,
      "bornToId": null,
      "deathDate": 1151,
      "gender": "M",
      "id": 8,
      "isMonarch": 0,
      "name": "Geoffrey Plantagenet",
      "title": "Count of Anjou",
    },
  },
  Object {
    "id": 4,
    "person1": Object {
      "birthDate": 1133,
      "bornToId": 3,
      "deathDate": 1189,
      "gender": "M",
      "id": 9,
      "isMonarch": 1,
      "name": "Henry II",
      "title": "King of England",
    },
    "person2": Object {
      "birthDate": 1122,
      "bornToId": null,
      "deathDate": 1204,
      "gender": "F",
      "id": 10,
      "isMonarch": 0,
      "name": "Eleanor of Aquitane",
      "title": "Queen of England",
    },
  },
  Object {
    "id": 5,
    "person1": Object {
      "birthDate": 1068,
      "bornToId": 1,
      "deathDate": 1135,
      "gender": "M",
      "id": 4,
      "isMonarch": 1,
      "name": "Henry I",
      "title": "King of England",
    },
    "person2": Object {
      "birthDate": 1103,
      "bornToId": null,
      "deathDate": 1151,
      "gender": "F",
      "id": 14,
      "isMonarch": 0,
      "name": "Adeliza of Louvain",
      "title": "Queen of England",
    },
  },
  Object {
    "id": 6,
    "person1": Object {
      "birthDate": 1067,
      "bornToId": 1,
      "deathDate": 1137,
      "gender": "F",
      "id": 15,
      "isMonarch": 0,
      "name": "Adela of Normandy",
      "title": "Countess of Blois",
    },
    "person2": Object {
      "birthDate": 1045,
      "bornToId": null,
      "deathDate": 1102,
      "gender": "M",
      "id": 16,
      "isMonarch": 0,
      "name": "Stephen II Henry",
      "title": "Count of Blois",
    },
  },
]
`;
