// Jest Snapshot v1, https://goo.gl/fbAQLP

exports[`ArtistsNav component snapshot 1`] = `
<styled.div>
  <styled.ul>
    <ListItem
      name="Heroshige"
      path="heroshige"
    />
    <ListItem
      name="Hokusai"
      path="hokusai"
    />
    <ListItem
      name="Utamaro"
      path="utamaro"
    />
    <ListItem
      name="Kunisada"
      path="kunisada"
    />
  </styled.ul>
</styled.div>
`;
