// Jest Snapshot v1, https://goo.gl/fbAQLP

exports[`Editor enhancers PERSONS_QUERY has a known shape 1`] = `
"query personsQuery {
  persons {
    id
    ...personInfo
  }
}

fragment personInfo on Person {
  name
  title
  birthDate
  deathDate
  gender
  isMonarch
  bornToId
  partnerIds
  partners {
    relationId
    partner {
      id
      name
    }
    children {
      name
    }
  }
}
"
`;
